C51 COMPILER V9.60.0.0   INTERRUPT                                                         03/25/2021 17:04:34 PAGE 1   


C51 COMPILER V9.60.0.0, COMPILATION OF MODULE INTERRUPT
OBJECT MODULE PLACED IN .\Output\interrupt.obj
COMPILER INVOKED BY: C:\Keil_v5\C51\BIN\C51.EXE ..\interrupt.c LARGE OPTIMIZE(8,SPEED) BROWSE INCDIR(..\..\Library\Devic
                    -eDriver;..\..\Library\StdDriver\inc) DEFINE(FOSC_160000) DEBUG OBJECTEXTEND PRINT(.\LST\interrupt.lst) TABS(2) OBJECT(.\
                    -Output\interrupt.obj)

line level    source

   1          /*--------------------------------------------------------------------------------------------------------
             --*/
   2          /*                                                                                                        
             - */
   3          /* Copyright(c) 2019 Nuvoton Technology Corp. All rights reserved.                                        
             - */
   4          /*                                                                                                        
             - */
   5          /*--------------------------------------------------------------------------------------------------------
             --*/
   6          
   7          //********************************************************************************************************
             -***
   8          //  Website: http://www.nuvoton.com
   9          //  E-Mail : MicroC-8bit@nuvoton.com
  10          //  Date   : June/21/2019
  11          //********************************************************************************************************
             -***
  12          
  13          //********************************************************************************************************
             -***
  14          //  File Function: MS51 interrupt vector list
  15          //********************************************************************************************************
             -***
  16          #include "MS51_8K.H"
*** WARNING C318 IN LINE 16 OF ..\interrupt.c: can't open file 'MS51_8K.H'
  17          
  18          
  19          /*all interrupt subroutine list */
  20          //--------------------------------------------------------------------------------------------------------
             ----
  21          void INT0_ISR(void) interrupt 0          // Vector @  0x03
  22          {
  23   1          _push_(SFRS);
*** ERROR C202 IN LINE 23 OF ..\interrupt.c: 'SFRS': undefined identifier
  24   1        
  25   1          clr_TCON_IE0;
*** ERROR C202 IN LINE 25 OF ..\interrupt.c: 'clr_TCON_IE0': undefined identifier
  26   1      
  27   1          _pop_(SFRS);
*** ERROR C202 IN LINE 27 OF ..\interrupt.c: 'SFRS': undefined identifier
  28   1      }
  29          //--------------------------------------------------------------------------------------------------------
             ----
  30          void Timer0_ISR(void) interrupt 1        // Vector @  0x0B
  31          {
  32   1          _push_(SFRS);
*** ERROR C202 IN LINE 32 OF ..\interrupt.c: 'SFRS': undefined identifier
  33   1        
  34   1          clr_TCON_TF0;
*** ERROR C202 IN LINE 34 OF ..\interrupt.c: 'clr_TCON_TF0': undefined identifier
  35   1      
  36   1          _pop_(SFRS);
C51 COMPILER V9.60.0.0   INTERRUPT                                                         03/25/2021 17:04:34 PAGE 2   

*** ERROR C202 IN LINE 36 OF ..\interrupt.c: 'SFRS': undefined identifier
  37   1      }
  38          //--------------------------------------------------------------------------------------------------------
             ----
  39          void INT1_ISR(void) interrupt 2          // Vector @  0x13
  40          {
  41   1          _push_(SFRS);
*** ERROR C202 IN LINE 41 OF ..\interrupt.c: 'SFRS': undefined identifier
  42   1        
  43   1          clr_TCON_IE1;
*** ERROR C202 IN LINE 43 OF ..\interrupt.c: 'clr_TCON_IE1': undefined identifier
  44   1      
  45   1          _pop_(SFRS);
*** ERROR C202 IN LINE 45 OF ..\interrupt.c: 'SFRS': undefined identifier
  46   1      }
  47          //--------------------------------------------------------------------------------------------------------
             ----
  48          void Timer1_ISR(void) interrupt 3        // Vector @  0x1B
  49          {
  50   1          _push_(SFRS);
*** ERROR C202 IN LINE 50 OF ..\interrupt.c: 'SFRS': undefined identifier
  51   1        
  52   1          clr_TCON_TF1;
*** ERROR C202 IN LINE 52 OF ..\interrupt.c: 'clr_TCON_TF1': undefined identifier
  53   1      
  54   1          _pop_(SFRS);
*** ERROR C202 IN LINE 54 OF ..\interrupt.c: 'SFRS': undefined identifier
  55   1      }
  56          //--------------------------------------------------------------------------------------------------------
             ----
  57          void UART0_ISR(void) interrupt 4         // Vector @  0x23
  58          {
  59   1          _push_(SFRS);
*** ERROR C202 IN LINE 59 OF ..\interrupt.c: 'SFRS': undefined identifier
  60   1        
  61   1          clr_SCON_RI;
*** ERROR C202 IN LINE 61 OF ..\interrupt.c: 'clr_SCON_RI': undefined identifier
  62   1          clr_SCON_TI;
*** ERROR C202 IN LINE 62 OF ..\interrupt.c: 'clr_SCON_TI': undefined identifier
  63   1      
  64   1          _pop_(SFRS);
*** ERROR C202 IN LINE 64 OF ..\interrupt.c: 'SFRS': undefined identifier
  65   1      }
  66          //--------------------------------------------------------------------------------------------------------
             ----
  67          void Timer2_ISR(void) interrupt 5        // Vector @  0x2B
  68          {
  69   1          _push_(SFRS);
*** ERROR C202 IN LINE 69 OF ..\interrupt.c: 'SFRS': undefined identifier
  70   1        
  71   1          clr_T2CON_TF2;
*** ERROR C202 IN LINE 71 OF ..\interrupt.c: 'clr_T2CON_TF2': undefined identifier
  72   1      
  73   1          _pop_(SFRS);
*** ERROR C202 IN LINE 73 OF ..\interrupt.c: 'SFRS': undefined identifier
  74   1      }
  75          //--------------------------------------------------------------------------------------------------------
             ----
  76          void I2C_ISR(void) interrupt 6           // Vector @  0x33
  77          {
  78   1          _push_(SFRS);
*** ERROR C202 IN LINE 78 OF ..\interrupt.c: 'SFRS': undefined identifier
C51 COMPILER V9.60.0.0   INTERRUPT                                                         03/25/2021 17:04:34 PAGE 3   

  79   1        
  80   1          clr_I2CON_SI;
*** ERROR C202 IN LINE 80 OF ..\interrupt.c: 'clr_I2CON_SI': undefined identifier
  81   1      
  82   1          _pop_(SFRS);
*** ERROR C202 IN LINE 82 OF ..\interrupt.c: 'SFRS': undefined identifier
  83   1      }
  84          //--------------------------------------------------------------------------------------------------------
             ----
  85          void Pin_INT_ISR(void) interrupt 7       // Vector @  0x3B
  86          {
  87   1          _push_(SFRS);
*** ERROR C202 IN LINE 87 OF ..\interrupt.c: 'SFRS': undefined identifier
  88   1        
  89   1          PIF = 0;
*** ERROR C202 IN LINE 89 OF ..\interrupt.c: 'PIF': undefined identifier
  90   1      
  91   1          _pop_(SFRS);
*** ERROR C202 IN LINE 91 OF ..\interrupt.c: 'SFRS': undefined identifier
  92   1      }
  93          //--------------------------------------------------------------------------------------------------------
             ----
  94          void BOD_ISR(void) interrupt 8           // Vector @  0x43
  95          {
  96   1          _push_(SFRS);
*** ERROR C202 IN LINE 96 OF ..\interrupt.c: 'SFRS': undefined identifier
  97   1        
  98   1          clr_BODCON0_BOF;
*** ERROR C202 IN LINE 98 OF ..\interrupt.c: 'clr_BODCON0_BOF': undefined identifier
  99   1      
 100   1          _pop_(SFRS);
*** ERROR C202 IN LINE 100 OF ..\interrupt.c: 'SFRS': undefined identifier
 101   1      }
 102          //--------------------------------------------------------------------------------------------------------
             ----
 103          void SPI_ISR(void) interrupt 9           // Vector @  0x4B
 104          {
 105   1          _push_(SFRS);
*** ERROR C202 IN LINE 105 OF ..\interrupt.c: 'SFRS': undefined identifier
 106   1        
 107   1          clr_SPSR_SPIF;
*** ERROR C202 IN LINE 107 OF ..\interrupt.c: 'clr_SPSR_SPIF': undefined identifier
 108   1      
 109   1          _pop_(SFRS);
*** ERROR C202 IN LINE 109 OF ..\interrupt.c: 'SFRS': undefined identifier
 110   1      }
 111          //--------------------------------------------------------------------------------------------------------
             ----
 112          void WDT_ISR(void) interrupt 10          // Vector @  0x53
 113          {
 114   1          _push_(SFRS);
*** ERROR C202 IN LINE 114 OF ..\interrupt.c: 'SFRS': undefined identifier
 115   1        
 116   1          clr_WDCON_WDTF;
*** ERROR C202 IN LINE 116 OF ..\interrupt.c: 'clr_WDCON_WDTF': undefined identifier
 117   1      
 118   1          _pop_(SFRS);
*** ERROR C202 IN LINE 118 OF ..\interrupt.c: 'SFRS': undefined identifier
 119   1      }
 120          //--------------------------------------------------------------------------------------------------------
             ----
 121          void ADC_ISR(void) interrupt 11          // Vector @  0x5B
C51 COMPILER V9.60.0.0   INTERRUPT                                                         03/25/2021 17:04:34 PAGE 4   

 122          {
 123   1          _push_(SFRS);
*** ERROR C202 IN LINE 123 OF ..\interrupt.c: 'SFRS': undefined identifier
 124   1        
 125   1          clr_ADCCON0_ADCF;
*** ERROR C202 IN LINE 125 OF ..\interrupt.c: 'clr_ADCCON0_ADCF': undefined identifier
 126   1          
 127   1          _pop_(SFRS);
*** ERROR C202 IN LINE 127 OF ..\interrupt.c: 'SFRS': undefined identifier
 128   1      }
 129          //--------------------------------------------------------------------------------------------------------
             ----
 130          void Capture_ISR(void) interrupt 12      // Vector @  0x63
 131          {
 132   1          _push_(SFRS);
*** ERROR C202 IN LINE 132 OF ..\interrupt.c: 'SFRS': undefined identifier
 133   1        
 134   1          clr_CAPCON0_CAPF0;
*** ERROR C202 IN LINE 134 OF ..\interrupt.c: 'clr_CAPCON0_CAPF0': undefined identifier
 135   1          clr_CAPCON0_CAPF1;
*** ERROR C202 IN LINE 135 OF ..\interrupt.c: 'clr_CAPCON0_CAPF1': undefined identifier
 136   1          clr_CAPCON0_CAPF2;
*** ERROR C202 IN LINE 136 OF ..\interrupt.c: 'clr_CAPCON0_CAPF2': undefined identifier
 137   1      
 138   1          _pop_(SFRS);
*** ERROR C202 IN LINE 138 OF ..\interrupt.c: 'SFRS': undefined identifier
 139   1      }
 140          //--------------------------------------------------------------------------------------------------------
             ----
 141          void PWM_Brake_ISR(void) interrupt 14    // Vector @  0x73
 142          {
 143   1          _push_(SFRS);
*** ERROR C202 IN LINE 143 OF ..\interrupt.c: 'SFRS': undefined identifier
 144   1        
 145   1          clr_FBD_FBF;
*** ERROR C202 IN LINE 145 OF ..\interrupt.c: 'clr_FBD_FBF': undefined identifier
 146   1      
 147   1          _pop_(SFRS);
*** ERROR C202 IN LINE 147 OF ..\interrupt.c: 'SFRS': undefined identifier
 148   1      }
 149          //--------------------------------------------------------------------------------------------------------
             ----
 150          void UART1_ISR(void) interrupt 15         // Vector @  0x7B
 151          {
 152   1          _push_(SFRS);
*** ERROR C202 IN LINE 152 OF ..\interrupt.c: 'SFRS': undefined identifier
 153   1        
 154   1          clr_SCON_1_RI_1;
*** ERROR C202 IN LINE 154 OF ..\interrupt.c: 'clr_SCON_1_RI_1': undefined identifier
 155   1          clr_SCON_1_TI_1;
*** ERROR C202 IN LINE 155 OF ..\interrupt.c: 'clr_SCON_1_TI_1': undefined identifier
 156   1      
 157   1          _pop_(SFRS);
*** ERROR C202 IN LINE 157 OF ..\interrupt.c: 'SFRS': undefined identifier
 158   1      }
 159          //--------------------------------------------------------------------------------------------------------
             ----
 160          void Timer3_ISR(void) interrupt 16        // Vector @  0x83
 161          {
 162   1          _push_(SFRS);
*** ERROR C202 IN LINE 162 OF ..\interrupt.c: 'SFRS': undefined identifier
 163   1        
C51 COMPILER V9.60.0.0   INTERRUPT                                                         03/25/2021 17:04:34 PAGE 5   

 164   1          clr_T3CON_TF3;
*** ERROR C202 IN LINE 164 OF ..\interrupt.c: 'clr_T3CON_TF3': undefined identifier
 165   1      
 166   1          _pop_(SFRS);
*** ERROR C202 IN LINE 166 OF ..\interrupt.c: 'SFRS': undefined identifier
 167   1      }
 168          //--------------------------------------------------------------------------------------------------------
             ----
 169          void WKT_ISR(void) interrupt 17           // Vector @  0x8B
 170          {
 171   1          _push_(SFRS);
*** ERROR C202 IN LINE 171 OF ..\interrupt.c: 'SFRS': undefined identifier
 172   1        
 173   1          clr_WKCON_WKTF;
*** ERROR C202 IN LINE 173 OF ..\interrupt.c: 'clr_WKCON_WKTF': undefined identifier
 174   1      
 175   1          _pop_(SFRS);
*** ERROR C202 IN LINE 175 OF ..\interrupt.c: 'SFRS': undefined identifier
 176   1      }
 177          
 178          

C51 COMPILATION COMPLETE.  1 WARNING(S),  55 ERROR(S)
